// Jest Snapshot v1, https://goo.gl/fbAQLP

exports[`Home renders homepage unchanged 1`] = `
<div>
  <div
    class="flex min-h-screen flex-col items-center justify-center px-0"
  >
    <main>
      <h1
        class="m-0 mb-20 text-center text-5xl"
      >
        Welcome to Primer!
      </h1>
      <form
        class="my-4 text-center text-xl "
      >
        <label
          for="input"
        >
          Largest prime number lower than
        </label>
        <input
          class="mx-2 w-52 border-b px-2 text-center focus:border-primary focus:placeholder-transparent focus:outline-none"
          name="input"
          placeholder="your chosen number"
          role="input-number"
          type="number"
        />
        <span>
          is:
        </span>
        <input
          class="mx-2 w-52 border-b border-green-500 px-2 text-center text-green-500 outline-none"
          placeholder="the result"
          readonly=""
          role="result"
          type="number"
          value=""
        />
        <div
          class="my-2 h-5 text-xs text-red-500 }"
          role="error-message"
        />
        <button
          class="rounded border border-transparent bg-gradient-to-r from-indigo-500 to-violet-500 px-6 py-2 text-white
      hover:opacity-90 disabled:cursor-not-allowed disabled:bg-gray-100 disabled:bg-none disabled:text-gray-300 opacity-50 "
          type="submit"
        >
          <svg
            aria-hidden="true"
            class="svg-inline--fa fa-calculator mr-2 "
            data-icon="calculator"
            data-prefix="fas"
            focusable="false"
            role="img"
            viewBox="0 0 384 512"
            xmlns="http://www.w3.org/2000/svg"
          >
            <path
              d="M336 0h-288C22.38 0 0 22.38 0 48v416C0 489.6 22.38 512 48 512h288c25.62 0 48-22.38 48-48v-416C384 22.38 361.6 0 336 0zM64 208C64 199.2 71.2 192 80 192h32C120.8 192 128 199.2 128 208v32C128 248.8 120.8 256 112 256h-32C71.2 256 64 248.8 64 240V208zM64 304C64 295.2 71.2 288 80 288h32C120.8 288 128 295.2 128 304v32C128 344.8 120.8 352 112 352h-32C71.2 352 64 344.8 64 336V304zM224 432c0 8.801-7.199 16-16 16h-128C71.2 448 64 440.8 64 432v-32C64 391.2 71.2 384 80 384h128c8.801 0 16 7.199 16 16V432zM224 336c0 8.801-7.199 16-16 16h-32C167.2 352 160 344.8 160 336v-32C160 295.2 167.2 288 176 288h32C216.8 288 224 295.2 224 304V336zM224 240C224 248.8 216.8 256 208 256h-32C167.2 256 160 248.8 160 240v-32C160 199.2 167.2 192 176 192h32C216.8 192 224 199.2 224 208V240zM320 432c0 8.801-7.199 16-16 16h-32c-8.799 0-16-7.199-16-16v-32c0-8.801 7.201-16 16-16h32c8.801 0 16 7.199 16 16V432zM320 336c0 8.801-7.199 16-16 16h-32c-8.799 0-16-7.199-16-16v-32C256 295.2 263.2 288 272 288h32C312.8 288 320 295.2 320 304V336zM320 240C320 248.8 312.8 256 304 256h-32C263.2 256 256 248.8 256 240v-32C256 199.2 263.2 192 272 192h32C312.8 192 320 199.2 320 208V240zM320 144C320 152.8 312.8 160 304 160h-224C71.2 160 64 152.8 64 144v-64C64 71.2 71.2 64 80 64h224C312.8 64 320 71.2 320 80V144z"
              fill="currentColor"
            />
          </svg>
          Evaluate
        </button>
      </form>
    </main>
  </div>
</div>
`;
